2026.09.03 11:20:04 INFO  Started: Metals version 1.6.8 in folders '/Users/juliaklompmaker/Desktop/datasys-engine-deadlock' for client Visual Studio Code 1.109.5.
2026.09.03 11:20:04 INFO  Memory monitor started
2026.09.03 11:20:04 WARN  Using H2 2.4.240 which is newer than the version Flyway has been verified with. The latest verified version of H2 is 2.3.232.
2026.09.03 11:20:04 INFO  no build target found for /Users/juliaklompmaker/Desktop/datasys-engine-deadlock/src/main/java/dk/itu/datasys/Engine.java. Using fallback presentation compiler.
2026.09.03 11:20:05 INFO  no build target found for /Users/juliaklompmaker/Desktop/datasys-engine-deadlock/src/main/java/dk/itu/datasys/Engine.java. Using fallback presentation compiler.
2026.09.03 11:22:14 INFO  no build target found for /Users/juliaklompmaker/Desktop/datasys-engine-deadlock/src/main/java/dk/itu/datasys/Engine.java. Using fallback presentation compiler.
2026.09.03 11:22:14 INFO  no build target found for /Users/juliaklompmaker/Desktop/datasys-engine-deadlock/src/main/java/dk/itu/datasys/Engine.java. Using fallback presentation compiler.
2026.09.03 11:25:28 INFO  no build target found for /Users/juliaklompmaker/Desktop/datasys-engine-deadlock/src/test/java/dk/itu/datasys/EngineTest.java. Using fallback presentation compiler.
2026.09.03 11:25:28 INFO  no build target found for /Users/juliaklompmaker/Desktop/datasys-engine-deadlock/src/test/java/dk/itu/datasys/EngineTest.java. Using fallback presentation compiler.
Sept 03, 2026 11:29:47 AM org.eclipse.lsp4j.jsonrpc.services.GenericEndpoint notify
INFO: Unsupported notification method: $/setTrace
Sept 03, 2026 11:33:40 AM org.eclipse.lsp4j.jsonrpc.services.GenericEndpoint notify
INFO: Unsupported notification method: $/setTrace
Sept 03, 2026 11:33:42 AM org.eclipse.lsp4j.jsonrpc.services.GenericEndpoint notify
INFO: Unsupported notification method: $/setTrace
2026.09.03 11:33:44 INFO  no build target found for /Users/juliaklompmaker/Desktop/datasys-engine-deadlock/src/test/java/dk/itu/datasys/EngineTest.java. Using fallback presentation compiler.
Sept 03, 2026 11:40:40 AM org.eclipse.lsp4j.jsonrpc.services.GenericEndpoint notify
INFO: Unsupported notification method: $/setTrace
2026.09.03 11:41:02 WARN  no build target for: /Users/juliaklompmaker/Desktop/datasys-engine-deadlock/src/main/java/dk/itu/datasys/Engine.java
2026.09.03 11:41:02 INFO  no build target found for /Users/juliaklompmaker/Desktop/datasys-engine-deadlock/src/main/java/dk/itu/datasys/Engine.java. Using fallback presentation compiler.
2026.09.03 11:41:02 INFO  no build target found for /Users/juliaklompmaker/Desktop/datasys-engine-deadlock/src/main/java/dk/itu/datasys/Engine.java. Using fallback presentation compiler.
2026.09.03 11:41:03 INFO  no build target found for /Users/juliaklompmaker/Desktop/datasys-engine-deadlock/src/main/java/dk/itu/datasys/Engine.java. Using fallback presentation compiler.
2026.09.03 11:41:05 INFO  no build target found for /Users/juliaklompmaker/Desktop/datasys-engine-deadlock/src/main/java/dk/itu/datasys/Engine.java. Using fallback presentation compiler.
2026.09.03 11:41:06 WARN  no build target for: /Users/juliaklompmaker/Desktop/datasys-engine-deadlock/src/test/java/dk/itu/datasys/EngineTest.java
2026.09.03 11:41:06 INFO  no build target found for /Users/juliaklompmaker/Desktop/datasys-engine-deadlock/src/test/java/dk/itu/datasys/EngineTest.java. Using fallback presentation compiler.
2026.09.03 11:41:06 INFO  no build target found for /Users/juliaklompmaker/Desktop/datasys-engine-deadlock/src/test/java/dk/itu/datasys/EngineTest.java. Using fallback presentation compiler.
2026.09.03 11:41:06 INFO  no build target found for /Users/juliaklompmaker/Desktop/datasys-engine-deadlock/src/test/java/dk/itu/datasys/EngineTest.java. Using fallback presentation compiler.
2026.09.03 11:41:08 INFO  no build target found for /Users/juliaklompmaker/Desktop/datasys-engine-deadlock/src/test/java/dk/itu/datasys/EngineTest.java. Using fallback presentation compiler.
2026.09.03 11:41:08 INFO  no build target found for /Users/juliaklompmaker/Desktop/datasys-engine-deadlock/src/test/java/dk/itu/datasys/EngineTest.java. Using fallback presentation compiler.
2026.09.03 11:41:08 INFO  no build target found for /Users/juliaklompmaker/Desktop/datasys-engine-deadlock/src/test/java/dk/itu/datasys/EngineTest.java. Using fallback presentation compiler.
2026.09.03 11:41:09 INFO  no build target found for /Users/juliaklompmaker/Desktop/datasys-engine-deadlock/src/test/java/dk/itu/datasys/EngineTest.java. Using fallback presentation compiler.
2026.09.03 11:41:09 INFO  no build target found for /Users/juliaklompmaker/Desktop/datasys-engine-deadlock/src/test/java/dk/itu/datasys/EngineTest.java. Using fallback presentation compiler.
2026.09.03 11:41:09 INFO  no build target found for /Users/juliaklompmaker/Desktop/datasys-engine-deadlock/src/test/java/dk/itu/datasys/EngineTest.java. Using fallback presentation compiler.
2026.09.03 11:41:09 INFO  no build target found for /Users/juliaklompmaker/Desktop/datasys-engine-deadlock/src/test/java/dk/itu/datasys/EngineTest.java. Using fallback presentation compiler.
2026.09.03 11:41:09 INFO  no build target found for /Users/juliaklompmaker/Desktop/datasys-engine-deadlock/src/test/java/dk/itu/datasys/EngineTest.java. Using fallback presentation compiler.
2026.09.03 11:41:09 INFO  no build target found for /Users/juliaklompmaker/Desktop/datasys-engine-deadlock/src/test/java/dk/itu/datasys/EngineTest.java. Using fallback presentation compiler.
2026.09.03 11:41:10 INFO  no build target found for /Users/juliaklompmaker/Desktop/datasys-engine-deadlock/src/test/java/dk/itu/datasys/EngineTest.java. Using fallback presentation compiler.
2026.09.03 11:41:09 INFO  no build target found for /Users/juliaklompmaker/Desktop/datasys-engine-deadlock/src/test/java/dk/itu/datasys/EngineTest.java. Using fallback presentation compiler.
2026.09.03 11:41:09 INFO  no build target found for /Users/juliaklompmaker/Desktop/datasys-engine-deadlock/src/test/java/dk/itu/datasys/EngineTest.java. Using fallback presentation compiler.
2026.09.03 11:41:09 INFO  no build target found for /Users/juliaklompmaker/Desktop/datasys-engine-deadlock/src/test/java/dk/itu/datasys/EngineTest.java. Using fallback presentation compiler.
2026.09.03 11:41:10 INFO  no build target found for /Users/juliaklompmaker/Desktop/datasys-engine-deadlock/src/test/java/dk/itu/datasys/EngineTest.java. Using fallback presentation compiler.
2026.09.03 11:41:10 INFO  no build target found for /Users/juliaklompmaker/Desktop/datasys-engine-deadlock/src/test/java/dk/itu/datasys/EngineTest.java. Using fallback presentation compiler.
2026.09.03 11:41:10 INFO  no build target found for /Users/juliaklompmaker/Desktop/datasys-engine-deadlock/src/test/java/dk/itu/datasys/EngineTest.java. Using fallback presentation compiler.
2026.09.03 11:41:10 INFO  no build target found for /Users/juliaklompmaker/Desktop/datasys-engine-deadlock/src/test/java/dk/itu/datasys/EngineTest.java. Using fallback presentation compiler.
2026.09.03 11:41:10 INFO  no build target found for /Users/juliaklompmaker/Desktop/datasys-engine-deadlock/src/test/java/dk/itu/datasys/EngineTest.java. Using fallback presentation compiler.
2026.09.03 11:41:10 INFO  no build target found for /Users/juliaklompmaker/Desktop/datasys-engine-deadlock/src/test/java/dk/itu/datasys/EngineTest.java. Using fallback presentation compiler.
2026.09.03 11:41:10 INFO  no build target found for /Users/juliaklompmaker/Desktop/datasys-engine-deadlock/src/test/java/dk/itu/datasys/EngineTest.java. Using fallback presentation compiler.
2026.09.03 11:41:10 INFO  no build target found for /Users/juliaklompmaker/Desktop/datasys-engine-deadlock/src/test/java/dk/itu/datasys/EngineTest.java. Using fallback presentation compiler.
2026.09.03 11:41:11 INFO  no build target found for /Users/juliaklompmaker/Desktop/datasys-engine-deadlock/src/test/java/dk/itu/datasys/EngineTest.java. Using fallback presentation compiler.
2026.09.03 11:41:11 INFO  no build target found for /Users/juliaklompmaker/Desktop/datasys-engine-deadlock/src/test/java/dk/itu/datasys/EngineTest.java. Using fallback presentation compiler.
2026.09.03 11:41:11 INFO  no build target found for /Users/juliaklompmaker/Desktop/datasys-engine-deadlock/src/test/java/dk/itu/datasys/EngineTest.java. Using fallback presentation compiler.
2026.09.03 11:41:11 INFO  no build target found for /Users/juliaklompmaker/Desktop/datasys-engine-deadlock/src/test/java/dk/itu/datasys/EngineTest.java. Using fallback presentation compiler.
2026.09.03 11:41:11 INFO  no build target found for /Users/juliaklompmaker/Desktop/datasys-engine-deadlock/src/test/java/dk/itu/datasys/EngineTest.java. Using fallback presentation compiler.
2026.09.03 11:41:11 INFO  no build target found for /Users/juliaklompmaker/Desktop/datasys-engine-deadlock/src/test/java/dk/itu/datasys/EngineTest.java. Using fallback presentation compiler.
2026.09.03 11:41:11 INFO  no build target found for /Users/juliaklompmaker/Desktop/datasys-engine-deadlock/src/test/java/dk/itu/datasys/EngineTest.java. Using fallback presentation compiler.
2026.09.03 11:41:11 INFO  no build target found for /Users/juliaklompmaker/Desktop/datasys-engine-deadlock/src/test/java/dk/itu/datasys/EngineTest.java. Using fallback presentation compiler.
2026.09.03 11:41:12 INFO  no build target found for /Users/juliaklompmaker/Desktop/datasys-engine-deadlock/src/test/java/dk/itu/datasys/EngineTest.java. Using fallback presentation compiler.
2026.09.03 11:41:12 INFO  no build target found for /Users/juliaklompmaker/Desktop/datasys-engine-deadlock/src/test/java/dk/itu/datasys/EngineTest.java. Using fallback presentation compiler.
2026.09.03 11:41:12 INFO  no build target found for /Users/juliaklompmaker/Desktop/datasys-engine-deadlock/src/test/java/dk/itu/datasys/EngineTest.java. Using fallback presentation compiler.
2026.09.03 11:41:13 INFO  no build target found for /Users/juliaklompmaker/Desktop/datasys-engine-deadlock/src/test/java/dk/itu/datasys/EngineTest.java. Using fallback presentation compiler.
2026.09.03 11:41:12 INFO  no build target found for /Users/juliaklompmaker/Desktop/datasys-engine-deadlock/src/test/java/dk/itu/datasys/EngineTest.java. Using fallback presentation compiler.
2026.09.03 11:41:12 INFO  no build target found for /Users/juliaklompmaker/Desktop/datasys-engine-deadlock/src/test/java/dk/itu/datasys/EngineTest.java. Using fallback presentation compiler.
2026.09.03 11:41:12 INFO  no build target found for /Users/juliaklompmaker/Desktop/datasys-engine-deadlock/src/test/java/dk/itu/datasys/EngineTest.java. Using fallback presentation compiler.
2026.09.03 11:41:12 INFO  no build target found for /Users/juliaklompmaker/Desktop/datasys-engine-deadlock/src/test/java/dk/itu/datasys/EngineTest.java. Using fallback presentation compiler.
2026.09.03 11:41:12 INFO  no build target found for /Users/juliaklompmaker/Desktop/datasys-engine-deadlock/src/test/java/dk/itu/datasys/EngineTest.java. Using fallback presentation compiler.
2026.09.03 11:41:13 INFO  no build target found for /Users/juliaklompmaker/Desktop/datasys-engine-deadlock/src/test/java/dk/itu/datasys/EngineTest.java. Using fallback presentation compiler.
2026.09.03 11:41:13 INFO  no build target found for /Users/juliaklompmaker/Desktop/datasys-engine-deadlock/src/test/java/dk/itu/datasys/EngineTest.java. Using fallback presentation compiler.
2026.09.03 11:41:13 INFO  no build target found for /Users/juliaklompmaker/Desktop/datasys-engine-deadlock/src/test/java/dk/itu/datasys/EngineTest.java. Using fallback presentation compiler.
2026.09.03 11:41:13 INFO  no build target found for /Users/juliaklompmaker/Desktop/datasys-engine-deadlock/src/test/java/dk/itu/datasys/EngineTest.java. Using fallback presentation compiler.
2026.09.03 11:41:14 INFO  no build target found for /Users/juliaklompmaker/Desktop/datasys-engine-deadlock/src/test/java/dk/itu/datasys/EngineTest.java. Using fallback presentation compiler.
2026.09.03 11:41:14 WARN  no build target for: /Users/juliaklompmaker/Desktop/datasys-engine-deadlock/src/test/java/dk/itu/datasys/EngineTest.java
2026.09.03 11:41:14 INFO  no build target found for /Users/juliaklompmaker/Desktop/datasys-engine-deadlock/src/test/java/dk/itu/datasys/EngineTest.java. Using fallback presentation compiler.
2026.09.03 11:41:27 INFO  no build target found for /Users/juliaklompmaker/Desktop/datasys-engine-deadlock/src/test/java/dk/itu/datasys/EngineTest.java. Using fallback presentation compiler.
2026.09.03 11:41:27 INFO  no build target found for /Users/juliaklompmaker/Desktop/datasys-engine-deadlock/src/test/java/dk/itu/datasys/EngineTest.java. Using fallback presentation compiler.
2026.09.03 11:41:27 INFO  no build target found for /Users/juliaklompmaker/Desktop/datasys-engine-deadlock/src/test/java/dk/itu/datasys/EngineTest.java. Using fallback presentation compiler.
2026.09.03 11:41:27 INFO  no build target found for /Users/juliaklompmaker/Desktop/datasys-engine-deadlock/src/test/java/dk/itu/datasys/EngineTest.java. Using fallback presentation compiler.
2026.09.03 11:41:27 INFO  no build target found for /Users/juliaklompmaker/Desktop/datasys-engine-deadlock/src/test/java/dk/itu/datasys/EngineTest.java. Using fallback presentation compiler.
2026.09.03 11:41:28 INFO  no build target found for /Users/juliaklompmaker/Desktop/datasys-engine-deadlock/src/test/java/dk/itu/datasys/EngineTest.java. Using fallback presentation compiler.
2026.09.03 11:41:27 INFO  no build target found for /Users/juliaklompmaker/Desktop/datasys-engine-deadlock/src/test/java/dk/itu/datasys/EngineTest.java. Using fallback presentation compiler.
2026.09.03 11:41:28 INFO  no build target found for /Users/juliaklompmaker/Desktop/datasys-engine-deadlock/src/test/java/dk/itu/datasys/EngineTest.java. Using fallback presentation compiler.
2026.09.03 11:41:28 INFO  no build target found for /Users/juliaklompmaker/Desktop/datasys-engine-deadlock/src/test/java/dk/itu/datasys/EngineTest.java. Using fallback presentation compiler.
2026.09.03 11:41:28 INFO  no build target found for /Users/juliaklompmaker/Desktop/datasys-engine-deadlock/src/test/java/dk/itu/datasys/EngineTest.java. Using fallback presentation compiler.
2026.09.03 11:41:29 INFO  no build target found for /Users/juliaklompmaker/Desktop/datasys-engine-deadlock/src/test/java/dk/itu/datasys/EngineTest.java. Using fallback presentation compiler.
2026.09.03 11:41:29 WARN  no build target for: /Users/juliaklompmaker/Desktop/datasys-engine-deadlock/src/test/java/dk/itu/datasys/EngineTest.java
2026.09.03 11:41:29 INFO  no build target found for /Users/juliaklompmaker/Desktop/datasys-engine-deadlock/src/test/java/dk/itu/datasys/EngineTest.java. Using fallback presentation compiler.
2026.09.03 11:41:29 INFO  no build target found for /Users/juliaklompmaker/Desktop/datasys-engine-deadlock/src/test/java/dk/itu/datasys/EngineTest.java. Using fallback presentation compiler.
2026.09.03 11:41:30 INFO  no build target found for /Users/juliaklompmaker/Desktop/datasys-engine-deadlock/src/test/java/dk/itu/datasys/EngineTest.java. Using fallback presentation compiler.
2026.09.03 11:41:29 INFO  no build target found for /Users/juliaklompmaker/Desktop/datasys-engine-deadlock/src/test/java/dk/itu/datasys/EngineTest.java. Using fallback presentation compiler.
2026.09.03 11:41:29 INFO  no build target found for /Users/juliaklompmaker/Desktop/datasys-engine-deadlock/src/test/java/dk/itu/datasys/EngineTest.java. Using fallback presentation compiler.
2026.09.03 11:41:30 INFO  no build target found for /Users/juliaklompmaker/Desktop/datasys-engine-deadlock/src/test/java/dk/itu/datasys/EngineTest.java. Using fallback presentation compiler.
2026.09.03 11:41:31 INFO  no build target found for /Users/juliaklompmaker/Desktop/datasys-engine-deadlock/src/test/java/dk/itu/datasys/EngineTest.java. Using fallback presentation compiler.
2026.09.03 11:41:31 WARN  no build target for: /Users/juliaklompmaker/Desktop/datasys-engine-deadlock/src/test/java/dk/itu/datasys/EngineTest.java
2026.09.03 11:41:31 INFO  no build target found for /Users/juliaklompmaker/Desktop/datasys-engine-deadlock/src/test/java/dk/itu/datasys/EngineTest.java. Using fallback presentation compiler.
2026.09.03 11:41:45 INFO  no build target found for /Users/juliaklompmaker/Desktop/datasys-engine-deadlock/src/test/java/dk/itu/datasys/EngineTest.java. Using fallback presentation compiler.
Sept 03, 2026 11:41:46 AM org.eclipse.lsp4j.jsonrpc.RemoteEndpoint handleNotification
WARNING: Notification threw an exception: {
  "jsonrpc": "2.0",
  "method": "metals/didFocusTextDocument",
  "params": [
    "git:/Users/juliaklompmaker/Desktop/datasys-engine-deadlock/src/test/java/dk/itu/datasys/EngineTest.java?%7B%22path%22%3A%22%2FUsers%2Fjuliaklompmaker%2FDesktop%2Fdatasys-engine-deadlock%2Fsrc%2Ftest%2Fjava%2Fdk%2Fitu%2Fdatasys%2FEngineTest.java%22%2C%22ref%22%3A%22%22%7D"
  ]
}
java.nio.file.FileSystemNotFoundException: Provider "git" not installed
	at java.base/java.nio.file.Path.of(Path.java:212)
	at java.base/java.nio.file.Paths.get(Paths.java:98)
	at scala.meta.internal.mtags.MtagsEnrichments$XtensionURIMtags.toAbsolutePath(MtagsEnrichments.scala:149)
	at scala.meta.internal.mtags.MtagsEnrichments$XtensionStringMtags.toAbsolutePath(MtagsEnrichments.scala:221)
	at scala.meta.internal.metals.MetalsEnrichments$XtensionString.toAbsolutePath(MetalsEnrichments.scala:787)
	at scala.meta.internal.metals.MetalsEnrichments$XtensionString.toAbsolutePath(MetalsEnrichments.scala:784)
	at scala.meta.internal.metals.WorkspaceLspService.didFocus(WorkspaceLspService.scala:808)
	at scala.meta.metals.lsp.DelegatingScalaService.didFocus(DelegatingScalaService.scala:42)
	at java.base/jdk.internal.reflect.NativeMethodAccessorImpl.invoke0(Native Method)
	at java.base/jdk.internal.reflect.NativeMethodAccessorImpl.invoke(NativeMethodAccessorImpl.java:77)
	at java.base/jdk.internal.reflect.DelegatingMethodAccessorImpl.invoke(DelegatingMethodAccessorImpl.java:43)
	at java.base/java.lang.reflect.Method.invoke(Method.java:568)
	at org.eclipse.lsp4j.jsonrpc.services.GenericEndpoint.lambda$recursiveFindRpcMethods$0(GenericEndpoint.java:65)
	at org.eclipse.lsp4j.jsonrpc.services.GenericEndpoint.notify(GenericEndpoint.java:160)
	at org.eclipse.lsp4j.jsonrpc.RemoteEndpoint.handleNotification(RemoteEndpoint.java:225)
	at org.eclipse.lsp4j.jsonrpc.RemoteEndpoint.consume(RemoteEndpoint.java:192)
	at org.eclipse.lsp4j.jsonrpc.json.StreamMessageProducer.handleMessage(StreamMessageProducer.java:189)
	at org.eclipse.lsp4j.jsonrpc.json.StreamMessageProducer.listen(StreamMessageProducer.java:97)
	at org.eclipse.lsp4j.jsonrpc.json.ConcurrentMessageProcessor.run(ConcurrentMessageProcessor.java:97)
	at java.base/java.util.concurrent.Executors$RunnableAdapter.call(Executors.java:539)
	at java.base/java.util.concurrent.FutureTask.run(FutureTask.java:264)
	at java.base/java.util.concurrent.ThreadPoolExecutor.runWorker(ThreadPoolExecutor.java:1136)
	at java.base/java.util.concurrent.ThreadPoolExecutor$Worker.run(ThreadPoolExecutor.java:635)
	at java.base/java.lang.Thread.run(Thread.java:833)

2026.09.03 11:41:51 WARN  no build target for: /Users/juliaklompmaker/Desktop/datasys-engine-deadlock/src/test/java/dk/itu/datasys/EngineTest.java
2026.09.03 11:41:51 INFO  no build target found for /Users/juliaklompmaker/Desktop/datasys-engine-deadlock/src/test/java/dk/itu/datasys/EngineTest.java. Using fallback presentation compiler.
2026.09.03 11:41:51 INFO  no build target found for /Users/juliaklompmaker/Desktop/datasys-engine-deadlock/src/test/java/dk/itu/datasys/EngineTest.java. Using fallback presentation compiler.
2026.09.03 11:41:53 INFO  no build target found for /Users/juliaklompmaker/Desktop/datasys-engine-deadlock/src/test/java/dk/itu/datasys/EngineTest.java. Using fallback presentation compiler.
2026.09.03 11:41:53 INFO  no build target found for /Users/juliaklompmaker/Desktop/datasys-engine-deadlock/src/test/java/dk/itu/datasys/EngineTest.java. Using fallback presentation compiler.
2026.09.03 11:41:53 INFO  no build target found for /Users/juliaklompmaker/Desktop/datasys-engine-deadlock/src/test/java/dk/itu/datasys/EngineTest.java. Using fallback presentation compiler.
2026.09.03 11:41:53 INFO  no build target found for /Users/juliaklompmaker/Desktop/datasys-engine-deadlock/src/test/java/dk/itu/datasys/EngineTest.java. Using fallback presentation compiler.
2026.09.03 11:41:53 INFO  no build target found for /Users/juliaklompmaker/Desktop/datasys-engine-deadlock/src/test/java/dk/itu/datasys/EngineTest.java. Using fallback presentation compiler.
2026.09.03 11:41:53 INFO  no build target found for /Users/juliaklompmaker/Desktop/datasys-engine-deadlock/src/test/java/dk/itu/datasys/EngineTest.java. Using fallback presentation compiler.
2026.09.03 11:41:53 INFO  no build target found for /Users/juliaklompmaker/Desktop/datasys-engine-deadlock/src/test/java/dk/itu/datasys/EngineTest.java. Using fallback presentation compiler.
2026.09.03 11:41:53 INFO  no build target found for /Users/juliaklompmaker/Desktop/datasys-engine-deadlock/src/test/java/dk/itu/datasys/EngineTest.java. Using fallback presentation compiler.
2026.09.03 11:41:54 INFO  no build target found for /Users/juliaklompmaker/Desktop/datasys-engine-deadlock/src/test/java/dk/itu/datasys/EngineTest.java. Using fallback presentation compiler.
2026.09.03 11:41:55 WARN  no build target for: /Users/juliaklompmaker/Desktop/datasys-engine-deadlock/src/test/java/dk/itu/datasys/EngineTest.java
2026.09.03 11:41:55 INFO  no build target found for /Users/juliaklompmaker/Desktop/datasys-engine-deadlock/src/test/java/dk/itu/datasys/EngineTest.java. Using fallback presentation compiler.
2026.09.03 11:41:55 INFO  no build target found for /Users/juliaklompmaker/Desktop/datasys-engine-deadlock/src/test/java/dk/itu/datasys/EngineTest.java. Using fallback presentation compiler.
2026.09.03 11:41:55 INFO  no build target found for /Users/juliaklompmaker/Desktop/datasys-engine-deadlock/src/test/java/dk/itu/datasys/EngineTest.java. Using fallback presentation compiler.
2026.09.03 11:41:55 INFO  no build target found for /Users/juliaklompmaker/Desktop/datasys-engine-deadlock/src/test/java/dk/itu/datasys/EngineTest.java. Using fallback presentation compiler.
2026.09.03 11:41:56 WARN  no build target for: /Users/juliaklompmaker/Desktop/datasys-engine-deadlock/src/test/java/dk/itu/datasys/EngineTest.java
2026.09.03 11:41:56 INFO  no build target found for /Users/juliaklompmaker/Desktop/datasys-engine-deadlock/src/test/java/dk/itu/datasys/EngineTest.java. Using fallback presentation compiler.
2026.09.03 11:41:59 WARN  no build target for: /Users/juliaklompmaker/Desktop/datasys-engine-deadlock/src/test/java/dk/itu/datasys/EngineTest.java
2026.09.03 11:41:59 INFO  no build target found for /Users/juliaklompmaker/Desktop/datasys-engine-deadlock/src/test/java/dk/itu/datasys/EngineTest.java. Using fallback presentation compiler.
2026.09.03 11:41:59 INFO  no build target found for /Users/juliaklompmaker/Desktop/datasys-engine-deadlock/src/test/java/dk/itu/datasys/EngineTest.java. Using fallback presentation compiler.
2026.09.03 11:41:59 INFO  no build target found for /Users/juliaklompmaker/Desktop/datasys-engine-deadlock/src/test/java/dk/itu/datasys/EngineTest.java. Using fallback presentation compiler.
Sept 03, 2026 11:41:59 AM org.eclipse.lsp4j.jsonrpc.RemoteEndpoint handleCancellation
WARNING: Unmatched cancel notification for request id 185
2026.09.03 11:41:59 INFO  no build target found for /Users/juliaklompmaker/Desktop/datasys-engine-deadlock/src/test/java/dk/itu/datasys/EngineTest.java. Using fallback presentation compiler.
2026.09.03 11:42:00 INFO  no build target found for /Users/juliaklompmaker/Desktop/datasys-engine-deadlock/src/test/java/dk/itu/datasys/EngineTest.java. Using fallback presentation compiler.
2026.09.03 11:42:00 INFO  no build target found for /Users/juliaklompmaker/Desktop/datasys-engine-deadlock/src/test/java/dk/itu/datasys/EngineTest.java. Using fallback presentation compiler.
2026.09.03 11:42:04 INFO  no build target found for /Users/juliaklompmaker/Desktop/datasys-engine-deadlock/src/test/java/dk/itu/datasys/EngineTest.java. Using fallback presentation compiler.
2026.09.03 11:42:04 INFO  no build target found for /Users/juliaklompmaker/Desktop/datasys-engine-deadlock/src/test/java/dk/itu/datasys/EngineTest.java. Using fallback presentation compiler.
2026.09.03 11:42:04 INFO  no build target found for /Users/juliaklompmaker/Desktop/datasys-engine-deadlock/src/test/java/dk/itu/datasys/EngineTest.java. Using fallback presentation compiler.
2026.09.03 11:42:04 INFO  no build target found for /Users/juliaklompmaker/Desktop/datasys-engine-deadlock/src/test/java/dk/itu/datasys/EngineTest.java. Using fallback presentation compiler.
2026.09.03 11:42:04 INFO  no build target found for /Users/juliaklompmaker/Desktop/datasys-engine-deadlock/src/test/java/dk/itu/datasys/EngineTest.java. Using fallback presentation compiler.
2026.09.03 11:42:04 INFO  no build target found for /Users/juliaklompmaker/Desktop/datasys-engine-deadlock/src/test/java/dk/itu/datasys/EngineTest.java. Using fallback presentation compiler.
2026.09.03 11:42:04 INFO  no build target found for /Users/juliaklompmaker/Desktop/datasys-engine-deadlock/src/test/java/dk/itu/datasys/EngineTest.java. Using fallback presentation compiler.
2026.09.03 11:42:04 INFO  no build target found for /Users/juliaklompmaker/Desktop/datasys-engine-deadlock/src/test/java/dk/itu/datasys/EngineTest.java. Using fallback presentation compiler.
2026.09.03 11:42:04 INFO  no build target found for /Users/juliaklompmaker/Desktop/datasys-engine-deadlock/src/test/java/dk/itu/datasys/EngineTest.java. Using fallback presentation compiler.
2026.09.03 11:42:04 INFO  no build target found for /Users/juliaklompmaker/Desktop/datasys-engine-deadlock/src/test/java/dk/itu/datasys/EngineTest.java. Using fallback presentation compiler.
2026.09.03 11:42:05 INFO  no build target found for /Users/juliaklompmaker/Desktop/datasys-engine-deadlock/src/test/java/dk/itu/datasys/EngineTest.java. Using fallback presentation compiler.
2026.09.03 11:42:05 INFO  no build target found for /Users/juliaklompmaker/Desktop/datasys-engine-deadlock/src/test/java/dk/itu/datasys/EngineTest.java. Using fallback presentation compiler.
2026.09.03 11:42:05 INFO  no build target found for /Users/juliaklompmaker/Desktop/datasys-engine-deadlock/src/test/java/dk/itu/datasys/EngineTest.java. Using fallback presentation compiler.
2026.09.03 11:42:05 INFO  no build target found for /Users/juliaklompmaker/Desktop/datasys-engine-deadlock/src/test/java/dk/itu/datasys/EngineTest.java. Using fallback presentation compiler.
2026.09.03 11:42:05 INFO  no build target found for /Users/juliaklompmaker/Desktop/datasys-engine-deadlock/src/test/java/dk/itu/datasys/EngineTest.java. Using fallback presentation compiler.
2026.09.03 11:42:05 INFO  no build target found for /Users/juliaklompmaker/Desktop/datasys-engine-deadlock/src/test/java/dk/itu/datasys/EngineTest.java. Using fallback presentation compiler.
2026.09.03 11:42:05 INFO  no build target found for /Users/juliaklompmaker/Desktop/datasys-engine-deadlock/src/test/java/dk/itu/datasys/EngineTest.java. Using fallback presentation compiler.
2026.09.03 11:42:06 INFO  no build target found for /Users/juliaklompmaker/Desktop/datasys-engine-deadlock/src/test/java/dk/itu/datasys/EngineTest.java. Using fallback presentation compiler.
2026.09.03 11:42:05 INFO  no build target found for /Users/juliaklompmaker/Desktop/datasys-engine-deadlock/src/test/java/dk/itu/datasys/EngineTest.java. Using fallback presentation compiler.
2026.09.03 11:42:06 INFO  no build target found for /Users/juliaklompmaker/Desktop/datasys-engine-deadlock/src/test/java/dk/itu/datasys/EngineTest.java. Using fallback presentation compiler.
2026.09.03 11:42:06 INFO  no build target found for /Users/juliaklompmaker/Desktop/datasys-engine-deadlock/src/test/java/dk/itu/datasys/EngineTest.java. Using fallback presentation compiler.
2026.09.03 11:42:06 INFO  no build target found for /Users/juliaklompmaker/Desktop/datasys-engine-deadlock/src/test/java/dk/itu/datasys/EngineTest.java. Using fallback presentation compiler.
2026.09.03 11:42:06 INFO  no build target found for /Users/juliaklompmaker/Desktop/datasys-engine-deadlock/src/test/java/dk/itu/datasys/EngineTest.java. Using fallback presentation compiler.
2026.09.03 11:42:06 INFO  no build target found for /Users/juliaklompmaker/Desktop/datasys-engine-deadlock/src/test/java/dk/itu/datasys/EngineTest.java. Using fallback presentation compiler.
2026.09.03 11:42:06 INFO  no build target found for /Users/juliaklompmaker/Desktop/datasys-engine-deadlock/src/test/java/dk/itu/datasys/EngineTest.java. Using fallback presentation compiler.
2026.09.03 11:42:06 INFO  no build target found for /Users/juliaklompmaker/Desktop/datasys-engine-deadlock/src/test/java/dk/itu/datasys/EngineTest.java. Using fallback presentation compiler.
2026.09.03 11:42:07 INFO  no build target found for /Users/juliaklompmaker/Desktop/datasys-engine-deadlock/src/test/java/dk/itu/datasys/EngineTest.java. Using fallback presentation compiler.
2026.09.03 11:42:06 INFO  no build target found for /Users/juliaklompmaker/Desktop/datasys-engine-deadlock/src/test/java/dk/itu/datasys/EngineTest.java. Using fallback presentation compiler.
2026.09.03 11:42:07 INFO  no build target found for /Users/juliaklompmaker/Desktop/datasys-engine-deadlock/src/test/java/dk/itu/datasys/EngineTest.java. Using fallback presentation compiler.
2026.09.03 11:42:07 INFO  no build target found for /Users/juliaklompmaker/Desktop/datasys-engine-deadlock/src/test/java/dk/itu/datasys/EngineTest.java. Using fallback presentation compiler.
2026.09.03 11:42:07 INFO  no build target found for /Users/juliaklompmaker/Desktop/datasys-engine-deadlock/src/test/java/dk/itu/datasys/EngineTest.java. Using fallback presentation compiler.
2026.09.03 11:42:07 INFO  no build target found for /Users/juliaklompmaker/Desktop/datasys-engine-deadlock/src/test/java/dk/itu/datasys/EngineTest.java. Using fallback presentation compiler.
2026.09.03 11:42:07 INFO  no build target found for /Users/juliaklompmaker/Desktop/datasys-engine-deadlock/src/test/java/dk/itu/datasys/EngineTest.java. Using fallback presentation compiler.
2026.09.03 11:42:07 INFO  no build target found for /Users/juliaklompmaker/Desktop/datasys-engine-deadlock/src/test/java/dk/itu/datasys/EngineTest.java. Using fallback presentation compiler.
2026.09.03 11:42:08 INFO  no build target found for /Users/juliaklompmaker/Desktop/datasys-engine-deadlock/src/test/java/dk/itu/datasys/EngineTest.java. Using fallback presentation compiler.
2026.09.03 11:42:08 INFO  no build target found for /Users/juliaklompmaker/Desktop/datasys-engine-deadlock/src/test/java/dk/itu/datasys/EngineTest.java. Using fallback presentation compiler.
2026.09.03 11:42:08 INFO  no build target found for /Users/juliaklompmaker/Desktop/datasys-engine-deadlock/src/test/java/dk/itu/datasys/EngineTest.java. Using fallback presentation compiler.
2026.09.03 11:42:09 INFO  no build target found for /Users/juliaklompmaker/Desktop/datasys-engine-deadlock/src/test/java/dk/itu/datasys/EngineTest.java. Using fallback presentation compiler.
2026.09.03 11:42:08 INFO  no build target found for /Users/juliaklompmaker/Desktop/datasys-engine-deadlock/src/test/java/dk/itu/datasys/EngineTest.java. Using fallback presentation compiler.
2026.09.03 11:42:08 INFO  no build target found for /Users/juliaklompmaker/Desktop/datasys-engine-deadlock/src/test/java/dk/itu/datasys/EngineTest.java. Using fallback presentation compiler.
2026.09.03 11:42:08 INFO  no build target found for /Users/juliaklompmaker/Desktop/datasys-engine-deadlock/src/test/java/dk/itu/datasys/EngineTest.java. Using fallback presentation compiler.
2026.09.03 11:42:09 INFO  no build target found for /Users/juliaklompmaker/Desktop/datasys-engine-deadlock/src/test/java/dk/itu/datasys/EngineTest.java. Using fallback presentation compiler.
2026.09.03 11:42:08 INFO  no build target found for /Users/juliaklompmaker/Desktop/datasys-engine-deadlock/src/test/java/dk/itu/datasys/EngineTest.java. Using fallback presentation compiler.
2026.09.03 11:42:10 WARN  no build target for: /Users/juliaklompmaker/Desktop/datasys-engine-deadlock/src/test/java/dk/itu/datasys/EngineTest.java
2026.09.03 11:42:10 INFO  no build target found for /Users/juliaklompmaker/Desktop/datasys-engine-deadlock/src/test/java/dk/itu/datasys/EngineTest.java. Using fallback presentation compiler.
2026.09.03 11:43:51 INFO  no build target found for /Users/juliaklompmaker/Desktop/datasys-engine-deadlock/src/main/java/dk/itu/datasys/Engine.java. Using fallback presentation compiler.
2026.09.03 11:43:51 WARN  no build target for: /Users/juliaklompmaker/Desktop/datasys-engine-deadlock/src/main/java/dk/itu/datasys/Engine.java
2026.09.03 11:43:51 INFO  no build target found for /Users/juliaklompmaker/Desktop/datasys-engine-deadlock/src/main/java/dk/itu/datasys/Engine.java. Using fallback presentation compiler.
2026.09.03 11:43:51 INFO  no build target found for /Users/juliaklompmaker/Desktop/datasys-engine-deadlock/src/main/java/dk/itu/datasys/Engine.java. Using fallback presentation compiler.
2026.09.03 11:43:56 INFO  no build target found for /Users/juliaklompmaker/Desktop/datasys-engine-deadlock/src/test/java/dk/itu/datasys/EngineTest.java. Using fallback presentation compiler.
2026.09.03 11:43:56 WARN  no build target for: /Users/juliaklompmaker/Desktop/datasys-engine-deadlock/src/test/java/dk/itu/datasys/EngineTest.java
2026.09.03 11:43:56 INFO  no build target found for /Users/juliaklompmaker/Desktop/datasys-engine-deadlock/src/test/java/dk/itu/datasys/EngineTest.java. Using fallback presentation compiler.
2026.09.03 11:43:56 INFO  no build target found for /Users/juliaklompmaker/Desktop/datasys-engine-deadlock/src/test/java/dk/itu/datasys/EngineTest.java. Using fallback presentation compiler.
2026.09.03 11:43:56 INFO  no build target found for /Users/juliaklompmaker/Desktop/datasys-engine-deadlock/src/test/java/dk/itu/datasys/EngineTest.java. Using fallback presentation compiler.
2026.09.03 11:43:59 WARN  no build target for: /Users/juliaklompmaker/Desktop/datasys-engine-deadlock/src/main/java/dk/itu/datasys/Engine.java
2026.09.03 11:43:59 INFO  no build target found for /Users/juliaklompmaker/Desktop/datasys-engine-deadlock/src/main/java/dk/itu/datasys/Engine.java. Using fallback presentation compiler.
2026.09.03 11:43:59 INFO  no build target found for /Users/juliaklompmaker/Desktop/datasys-engine-deadlock/src/main/java/dk/itu/datasys/Engine.java. Using fallback presentation compiler.
2026.09.03 11:43:59 INFO  no build target found for /Users/juliaklompmaker/Desktop/datasys-engine-deadlock/src/main/java/dk/itu/datasys/Engine.java. Using fallback presentation compiler.
2026.09.03 11:44:00 INFO  no build target found for /Users/juliaklompmaker/Desktop/datasys-engine-deadlock/src/main/java/dk/itu/datasys/Engine.java. Using fallback presentation compiler.
2026.09.03 11:44:00 INFO  no build target found for /Users/juliaklompmaker/Desktop/datasys-engine-deadlock/src/main/java/dk/itu/datasys/Engine.java. Using fallback presentation compiler.
2026.09.03 11:44:00 INFO  no build target found for /Users/juliaklompmaker/Desktop/datasys-engine-deadlock/src/main/java/dk/itu/datasys/Engine.java. Using fallback presentation compiler.
2026.09.03 11:44:00 INFO  no build target found for /Users/juliaklompmaker/Desktop/datasys-engine-deadlock/src/main/java/dk/itu/datasys/Engine.java. Using fallback presentation compiler.
2026.09.03 11:44:02 WARN  no build target for: /Users/juliaklompmaker/Desktop/datasys-engine-deadlock/src/test/java/dk/itu/datasys/EngineTest.java
2026.09.03 11:44:02 INFO  no build target found for /Users/juliaklompmaker/Desktop/datasys-engine-deadlock/src/test/java/dk/itu/datasys/EngineTest.java. Using fallback presentation compiler.
2026.09.03 11:44:02 INFO  no build target found for /Users/juliaklompmaker/Desktop/datasys-engine-deadlock/src/test/java/dk/itu/datasys/EngineTest.java. Using fallback presentation compiler.
2026.09.03 11:44:02 INFO  no build target found for /Users/juliaklompmaker/Desktop/datasys-engine-deadlock/src/test/java/dk/itu/datasys/EngineTest.java. Using fallback presentation compiler.
2026.09.03 11:44:02 INFO  no build target found for /Users/juliaklompmaker/Desktop/datasys-engine-deadlock/src/test/java/dk/itu/datasys/EngineTest.java. Using fallback presentation compiler.
2026.09.03 11:44:02 INFO  no build target found for /Users/juliaklompmaker/Desktop/datasys-engine-deadlock/src/test/java/dk/itu/datasys/EngineTest.java. Using fallback presentation compiler.
2026.09.03 11:44:03 INFO  no build target found for /Users/juliaklompmaker/Desktop/datasys-engine-deadlock/src/test/java/dk/itu/datasys/EngineTest.java. Using fallback presentation compiler.
2026.09.03 11:44:03 INFO  no build target found for /Users/juliaklompmaker/Desktop/datasys-engine-deadlock/src/test/java/dk/itu/datasys/EngineTest.java. Using fallback presentation compiler.
2026.09.03 11:44:03 INFO  no build target found for /Users/juliaklompmaker/Desktop/datasys-engine-deadlock/src/test/java/dk/itu/datasys/EngineTest.java. Using fallback presentation compiler.
2026.09.03 11:44:03 INFO  no build target found for /Users/juliaklompmaker/Desktop/datasys-engine-deadlock/src/test/java/dk/itu/datasys/EngineTest.java. Using fallback presentation compiler.
2026.09.03 11:44:03 INFO  no build target found for /Users/juliaklompmaker/Desktop/datasys-engine-deadlock/src/test/java/dk/itu/datasys/EngineTest.java. Using fallback presentation compiler.
2026.09.03 11:44:04 INFO  no build target found for /Users/juliaklompmaker/Desktop/datasys-engine-deadlock/src/test/java/dk/itu/datasys/EngineTest.java. Using fallback presentation compiler.
2026.09.03 11:44:04 WARN  no build target for: /Users/juliaklompmaker/Desktop/datasys-engine-deadlock/src/test/java/dk/itu/datasys/EngineTest.java
2026.09.03 11:44:04 INFO  no build target found for /Users/juliaklompmaker/Desktop/datasys-engine-deadlock/src/test/java/dk/itu/datasys/EngineTest.java. Using fallback presentation compiler.
2026.09.03 11:49:14 INFO  no build target found for /Users/juliaklompmaker/Desktop/datasys-engine-deadlock/src/test/java/dk/itu/datasys/EngineTest.java. Using fallback presentation compiler.
2026.09.03 11:50:21 INFO  no build target found for /Users/juliaklompmaker/Desktop/datasys-engine-deadlock/src/test/java/dk/itu/datasys/EngineTest.java. Using fallback presentation compiler.
2026.09.03 11:50:21 INFO  no build target found for /Users/juliaklompmaker/Desktop/datasys-engine-deadlock/src/test/java/dk/itu/datasys/EngineTest.java. Using fallback presentation compiler.
2026.09.03 11:50:21 INFO  no build target found for /Users/juliaklompmaker/Desktop/datasys-engine-deadlock/src/test/java/dk/itu/datasys/EngineTest.java. Using fallback presentation compiler.
2026.09.03 11:50:21 INFO  no build target found for /Users/juliaklompmaker/Desktop/datasys-engine-deadlock/src/test/java/dk/itu/datasys/EngineTest.java. Using fallback presentation compiler.
2026.09.03 11:50:21 INFO  no build target found for /Users/juliaklompmaker/Desktop/datasys-engine-deadlock/src/test/java/dk/itu/datasys/EngineTest.java. Using fallback presentation compiler.
2026.09.03 11:50:23 INFO  no build target found for /Users/juliaklompmaker/Desktop/datasys-engine-deadlock/src/test/java/dk/itu/datasys/EngineTest.java. Using fallback presentation compiler.
2026.09.03 11:50:23 INFO  no build target found for /Users/juliaklompmaker/Desktop/datasys-engine-deadlock/src/test/java/dk/itu/datasys/EngineTest.java. Using fallback presentation compiler.
2026.09.03 11:50:23 INFO  no build target found for /Users/juliaklompmaker/Desktop/datasys-engine-deadlock/src/test/java/dk/itu/datasys/EngineTest.java. Using fallback presentation compiler.
2026.09.03 11:50:24 WARN  no build target for: /Users/juliaklompmaker/Desktop/datasys-engine-deadlock/src/test/java/dk/itu/datasys/EngineTest.java
2026.09.03 11:50:24 INFO  no build target found for /Users/juliaklompmaker/Desktop/datasys-engine-deadlock/src/test/java/dk/itu/datasys/EngineTest.java. Using fallback presentation compiler.
2026.09.03 11:50:25 INFO  no build target found for /Users/juliaklompmaker/Desktop/datasys-engine-deadlock/src/test/java/dk/itu/datasys/EngineTest.java. Using fallback presentation compiler.
2026.09.03 11:50:25 INFO  no build target found for /Users/juliaklompmaker/Desktop/datasys-engine-deadlock/src/test/java/dk/itu/datasys/EngineTest.java. Using fallback presentation compiler.
2026.09.03 11:50:25 INFO  no build target found for /Users/juliaklompmaker/Desktop/datasys-engine-deadlock/src/test/java/dk/itu/datasys/EngineTest.java. Using fallback presentation compiler.
2026.09.03 11:50:25 INFO  no build target found for /Users/juliaklompmaker/Desktop/datasys-engine-deadlock/src/test/java/dk/itu/datasys/EngineTest.java. Using fallback presentation compiler.
2026.09.03 11:50:25 INFO  no build target found for /Users/juliaklompmaker/Desktop/datasys-engine-deadlock/src/test/java/dk/itu/datasys/EngineTest.java. Using fallback presentation compiler.
2026.09.03 11:50:25 INFO  no build target found for /Users/juliaklompmaker/Desktop/datasys-engine-deadlock/src/test/java/dk/itu/datasys/EngineTest.java. Using fallback presentation compiler.
2026.09.03 11:50:25 INFO  no build target found for /Users/juliaklompmaker/Desktop/datasys-engine-deadlock/src/test/java/dk/itu/datasys/EngineTest.java. Using fallback presentation compiler.
2026.09.03 11:50:25 INFO  no build target found for /Users/juliaklompmaker/Desktop/datasys-engine-deadlock/src/test/java/dk/itu/datasys/EngineTest.java. Using fallback presentation compiler.
2026.09.03 11:50:25 INFO  no build target found for /Users/juliaklompmaker/Desktop/datasys-engine-deadlock/src/test/java/dk/itu/datasys/EngineTest.java. Using fallback presentation compiler.
2026.09.03 11:50:26 WARN  no build target for: /Users/juliaklompmaker/Desktop/datasys-engine-deadlock/src/test/java/dk/itu/datasys/EngineTest.java
2026.09.03 11:50:26 INFO  no build target found for /Users/juliaklompmaker/Desktop/datasys-engine-deadlock/src/test/java/dk/itu/datasys/EngineTest.java. Using fallback presentation compiler.
2026.09.03 11:51:29 INFO  no build target found for /Users/juliaklompmaker/Desktop/datasys-engine-deadlock/src/test/java/dk/itu/datasys/EngineTest.java. Using fallback presentation compiler.
2026.09.03 11:51:29 INFO  no build target found for /Users/juliaklompmaker/Desktop/datasys-engine-deadlock/src/test/java/dk/itu/datasys/EngineTest.java. Using fallback presentation compiler.
2026.09.03 11:51:30 INFO  no build target found for /Users/juliaklompmaker/Desktop/datasys-engine-deadlock/src/test/java/dk/itu/datasys/EngineTest.java. Using fallback presentation compiler.
2026.09.03 11:51:30 INFO  no build target found for /Users/juliaklompmaker/Desktop/datasys-engine-deadlock/src/test/java/dk/itu/datasys/EngineTest.java. Using fallback presentation compiler.
2026.09.03 11:51:30 INFO  no build target found for /Users/juliaklompmaker/Desktop/datasys-engine-deadlock/src/test/java/dk/itu/datasys/EngineTest.java. Using fallback presentation compiler.
2026.09.03 11:51:30 INFO  no build target found for /Users/juliaklompmaker/Desktop/datasys-engine-deadlock/src/test/java/dk/itu/datasys/EngineTest.java. Using fallback presentation compiler.
2026.09.03 11:51:30 INFO  no build target found for /Users/juliaklompmaker/Desktop/datasys-engine-deadlock/src/test/java/dk/itu/datasys/EngineTest.java. Using fallback presentation compiler.
2026.09.03 11:51:30 INFO  no build target found for /Users/juliaklompmaker/Desktop/datasys-engine-deadlock/src/test/java/dk/itu/datasys/EngineTest.java. Using fallback presentation compiler.
2026.09.03 11:51:31 INFO  no build target found for /Users/juliaklompmaker/Desktop/datasys-engine-deadlock/src/test/java/dk/itu/datasys/EngineTest.java. Using fallback presentation compiler.
2026.09.03 11:51:31 INFO  no build target found for /Users/juliaklompmaker/Desktop/datasys-engine-deadlock/src/test/java/dk/itu/datasys/EngineTest.java. Using fallback presentation compiler.
2026.09.03 11:51:31 INFO  no build target found for /Users/juliaklompmaker/Desktop/datasys-engine-deadlock/src/test/java/dk/itu/datasys/EngineTest.java. Using fallback presentation compiler.
2026.09.03 11:51:32 INFO  no build target found for /Users/juliaklompmaker/Desktop/datasys-engine-deadlock/src/test/java/dk/itu/datasys/EngineTest.java. Using fallback presentation compiler.
2026.09.03 11:51:31 INFO  no build target found for /Users/juliaklompmaker/Desktop/datasys-engine-deadlock/src/test/java/dk/itu/datasys/EngineTest.java. Using fallback presentation compiler.
2026.09.03 11:51:31 INFO  no build target found for /Users/juliaklompmaker/Desktop/datasys-engine-deadlock/src/test/java/dk/itu/datasys/EngineTest.java. Using fallback presentation compiler.
2026.09.03 11:51:32 INFO  no build target found for /Users/juliaklompmaker/Desktop/datasys-engine-deadlock/src/test/java/dk/itu/datasys/EngineTest.java. Using fallback presentation compiler.
2026.09.03 11:51:31 INFO  no build target found for /Users/juliaklompmaker/Desktop/datasys-engine-deadlock/src/test/java/dk/itu/datasys/EngineTest.java. Using fallback presentation compiler.
2026.09.03 11:51:33 INFO  no build target found for /Users/juliaklompmaker/Desktop/datasys-engine-deadlock/src/test/java/dk/itu/datasys/EngineTest.java. Using fallback presentation compiler.
2026.09.03 11:51:33 INFO  no build target found for /Users/juliaklompmaker/Desktop/datasys-engine-deadlock/src/test/java/dk/itu/datasys/EngineTest.java. Using fallback presentation compiler.
2026.09.03 11:51:33 INFO  no build target found for /Users/juliaklompmaker/Desktop/datasys-engine-deadlock/src/test/java/dk/itu/datasys/EngineTest.java. Using fallback presentation compiler.
2026.09.03 11:51:33 INFO  no build target found for /Users/juliaklompmaker/Desktop/datasys-engine-deadlock/src/test/java/dk/itu/datasys/EngineTest.java. Using fallback presentation compiler.
2026.09.03 11:51:33 INFO  no build target found for /Users/juliaklompmaker/Desktop/datasys-engine-deadlock/src/test/java/dk/itu/datasys/EngineTest.java. Using fallback presentation compiler.
2026.09.03 11:51:33 INFO  no build target found for /Users/juliaklompmaker/Desktop/datasys-engine-deadlock/src/test/java/dk/itu/datasys/EngineTest.java. Using fallback presentation compiler.
2026.09.03 11:51:34 WARN  no build target for: /Users/juliaklompmaker/Desktop/datasys-engine-deadlock/src/test/java/dk/itu/datasys/EngineTest.java
2026.09.03 11:51:34 INFO  no build target found for /Users/juliaklompmaker/Desktop/datasys-engine-deadlock/src/test/java/dk/itu/datasys/EngineTest.java. Using fallback presentation compiler.
